
 ⛅️ wrangler 4.65.0
───────────────────
⎔ Starting local server...
[wrangler:info] Ready on http://localhost:8787
[wrangler:info] GET / 200 OK (6ms)
⎔ Reloading local server...
⎔ Local server updated and ready
⎔ Reloading local server...
⎔ Local server updated and ready
⎔ Reloading local server...
⎔ Local server updated and ready
⎔ Reloading local server...
⎔ Local server updated and ready
⎔ Reloading local server...
⎔ Local server updated and ready
⎔ Reloading local server...
⎔ Local server updated and ready
⎔ Reloading local server...
⎔ Local server updated and ready
Your Worker has access to the following bindings:
Binding                 Resource       Mode
env.BUCKET (vpsai)      R2 Bucket      local

⎔ Reloading local server...
⎔ Local server updated and ready
⎔ Reloading local server...
⎔ Local server updated and ready
⎔ Reloading local server...
⎔ Local server updated and ready
[wrangler:info] HEAD / 200 OK (52ms)
[wrangler:info] GET / 200 OK (33ms)
[wrangler:info] GET /api/mod 200 OK (1994ms)
[wrangler:info] GET /api/settings 200 OK (16ms)
